ASxxxx Linker V03.00 + NoICE + sdld,  page 1.
Hexadecimal  [32-Bits]

Area                                    Addr        Size        Decimal Bytes (Attributes)
--------------------------------        ----        ----        ------- ----- ------------
.  .ABS.                            00000000    00000000 =           0. bytes (ABS,CON)

      Value  Global                              Global Defined In Module
      -----  --------------------------------   ------------------------
     00000000  .__.ABS.                           cpct_strings
     00000000  l__CABS                         
     00000000  l__DABS                         
     00000000  l__GSFINAL                      
     00000000  l__GSINIT                       
     00000000  l__HOME                         
     00000000  l__hc_tablatrans_               
     00000000  s__CABS                         
     00000000  s__DABS                         
     00000000  s__hc_tablatrans_               
     00000000  s__hc_tablatrans_0              
     00000064  l__INITIALIZED                  
     00000064  l__INITIALIZER                  
     00000079  l__DATA                         
     00000100  l__hc_tablatrans_0              
     00000371  l__CSEG                         
     0000180C  l__CODE                         
     00004000  s__CODE                         
     0000580C  s__DATA                         
     00005885  s__INITIALIZED                  
     000058E9  s__GSFINAL                      
     000058E9  s__GSINIT                       
     000058E9  s__HOME                         
     000058E9  s__INITIALIZER                  
     0000594D  s__CSEG                         

ASxxxx Linker V03.00 + NoICE + sdld,  page 2.
Hexadecimal  [32-Bits]

Area                                    Addr        Size        Decimal Bytes (Attributes)
--------------------------------        ----        ----        ------- ----- ------------
_CODE                               00004000    0000180C =        6156. bytes (REL,CON)

      Value  Global                              Global Defined In Module
      -----  --------------------------------   ------------------------
     00004000  _hc_walls_0                        walls
     00004032  _hc_walls_1                        walls
     00004064  _hc_walls_2                        walls
     00004096  _hc_attack_0                       attack
     000040C8  _hc_attack_1                       attack
     000040FA  _hc_figures_0                      figures
     0000412C  _hc_figures_1                      figures
     0000415E  _hc_figures_2                      figures
     00004190  _hc_figures_3                      figures
     000041C2  _hc_marker                         marker
     000041F4  _dummy_cpct_transparentMaskTable   game
     000041F4  _interrupcion                      main
     00004207  _init                              main
     0000428E  _main                              main
     000042A2  _G_font                            font
     00004452  _g_font_big                        fonts_big
     00004959  _G_numbers_big                     numbers_big
     00004AA3  _G_numbers                         numbers
     00004B43  _g_tile_symbols_1                  symbols
     00004B64  _g_tile_symbols_2                  symbols
     00004B85  _g_tile_symbols_3                  symbols
     00004BA6  _g_tile_symbols_4                  symbols
     00004BC7  _itoa                              itoa
     00004CF4  _wait4UserKeypress                 keyboard
     00004D12  _esperaUnaTecla                    keyboard
     00004D5B  _waitKeyUp                         keyboard
     00004D6A  _wait4Key                          keyboard
     00004D87  _redefineKey                       keyboard
     00004DDB  _strLength                         text
     00004DF1  _strCopy                           text
     00004E1D  _drawNumber                        text
     00004EBA  _drawText                          text
     00004F9D  _moveCharacter                     text
     00005108  _moveFallingText                   text
     000051A4  _drawFallingText                   text
     000052A9  _setUpVideo                        video
     000052D8  _hc_graphics_palette               video
     000052E8  _clearScreen                       video
     000052FD  _clearWindow                       video
     00005334  _reset_cpc                         
     00005338  _cpc_GetSp                         
     0000534F  _cpc_GetSp0                        
     0000536F  _cpct_setPalette                   cpct_video
     00005386  _cpct_isKeyPressed                 cpct_keyboard
     00005386  cpct_isKeyPressed_asm              cpct_keyboard
     00005392  _cpct_scanKeyboard_f               cpct_keyboard
     00005392  cpct_scanKeyboard_f_asm            cpct_keyboard
     000053FC  _cpct_setPALColour                 cpct_video
     00005408  _cpct_drawSprite                   cpct_sprites
     000054AD  __divuint                          
ASxxxx Linker V03.00 + NoICE + sdld,  page 3.
Hexadecimal  [32-Bits]

Area                                    Addr        Size        Decimal Bytes (Attributes)
--------------------------------        ----        ----        ------- ----- ------------
_CODE                               00004000    0000180C =        6156. bytes (REL,CON)

      Value  Global                              Global Defined In Module
      -----  --------------------------------   ------------------------
     000054B5  __divuchar                         
     000054BC  __divu8                            
     000054BF  __divu16                           
     000054EE  _cpct_fw2hw                        cpct_video
     00005501  _cpct_keyboardStatusBuffer         cpct_keyboard
     0000550B  _cpct_setSeed_mxor                 cpct_random
     0000550B  cpct_setSeed_mxor_asm              cpct_random
     00005513  _cpct_restoreState_mxor_u8         cpct_random
     00005513  cpct_restoreState_mxor_u8_asm      cpct_random
     00005519  _cpct_getRandom_mxor_u8            cpct_random
     00005519  cpct_getRandom_mxor_u8             cpct_random
     0000551A  cpct_randomIdx_mxor_u8             cpct_random
     0000553E  _cpct_nextRandom_mxor_u32          cpct_random
     0000553E  cpct_nextRandom_mxor_u32_asm       cpct_random
     00005561  cpct_firmware2hw_colour            
     0000557C  _cpct_isAnyKeyPressed              cpct_keyboard
     0000557C  cpct_isAnyKeyPressed_asm           cpct_keyboard
     00005589  _cpct_scanKeyboard_if              cpct_keyboard
     00005589  cpct_scanKeyboard_if_asm           cpct_keyboard
     000055F1  _cpct_waitVSYNC                    cpct_video
     000055F1  cpct_waitVSYNC_asm                 cpct_video
     000055F9  _cpct_isAnyKeyPressed_f            cpct_keyboard
     000055F9  cpct_isAnyKeyPressed_f_asm         cpct_keyboard
     00005614  _cpct_setVideoMode                 cpct_video
     00005622  _cpct_px2byteM0                    cpct_sprites
     0000563E  _cpct_memset                       cpct_memutils
     0000564C  _strlen                            
     0000565B  _cpct_disableFirmware              cpct_firmware
     0000565B  _cpct_removeInterruptHandler       cpct_firmware
     0000565B  cpct_disableFirmware_asm           cpct_firmware
     0000565B  cpct_removeInterruptHandler_asm    cpct_firmware
     0000566B  _cpct_drawSolidBox                 cpct_sprites
     00005723  _cpct_mode_rom_status              cpct_firmware
     00005724  _cpct_scanKeyboard                 cpct_keyboard
     00005724  cpct_scanKeyboard_asm              cpct_keyboard
     00005755  _cpct_getScreenPtr                 cpct_video
     00005775  _cpct_drawSpriteMaskedAlignedTab   cpct_sprites
     000057B0  __divsint                          
     000057B9  __divschar                         
     000057C0  __div8                             
     000057C4  __div_signexte                     
     000057C8  __div16                            
     000057EE  __get_remainder                    
     000057F8  _cpct_mxor32_seed                  cpct_random
     000057FC  dc_mode0_ct                        cpct_strings

ASxxxx Linker V03.00 + NoICE + sdld,  page 4.
Hexadecimal  [32-Bits]

Area                                    Addr        Size        Decimal Bytes (Attributes)
--------------------------------        ----        ----        ------- ----- ------------
_DATA                               0000580C    00000079 =         121. bytes (REL,CON)

      Value  Global                              Global Defined In Module
      -----  --------------------------------   ------------------------
     0000580C  _enemyX                            game
     0000580D  _enemyY                            game
     0000580E  _userTable                         game
     0000583E  _enemyTable                        game
     0000586E  _keys                              game
     0000587C  _user                              game
     00005883  _abort                             game

ASxxxx Linker V03.00 + NoICE + sdld,  page 5.
Hexadecimal  [32-Bits]

Area                                    Addr        Size        Decimal Bytes (Attributes)
--------------------------------        ----        ----        ------- ----- ------------
_INITIALIZED                        00005885    00000064 =         100. bytes (REL,CON)

      Value  Global                              Global Defined In Module
      -----  --------------------------------   ------------------------
     00005885  _tile_buffer_0                     game
     000058B7  _tile_buffer_1                     game

ASxxxx Linker V03.00 + NoICE + sdld,  page 6.
Hexadecimal  [32-Bits]

Area                                    Addr        Size        Decimal Bytes (Attributes)
--------------------------------        ----        ----        ------- ----- ------------
_INITIALIZER                        000058E9    00000064 =         100. bytes (REL,CON)

      Value  Global                              Global Defined In Module
      -----  --------------------------------   ------------------------
ASxxxx Linker V03.00 + NoICE + sdld,  page 7.
Hexadecimal  [32-Bits]

Area                                    Addr        Size        Decimal Bytes (Attributes)
--------------------------------        ----        ----        ------- ----- ------------
_hc_tablatrans_0                    00000000    00000100 =         256. bytes (ABS,CON)

      Value  Global                              Global Defined In Module
      -----  --------------------------------   ------------------------
     00000100  _hc_tablatrans                     game

ASxxxx Linker V03.00 + NoICE + sdld,  page 8.
Hexadecimal  [32-Bits]

Area                                    Addr        Size        Decimal Bytes (Attributes)
--------------------------------        ----        ----        ------- ----- ------------
_CSEG                               0000594D    00000371 =         881. bytes (REL,CON)

      Value  Global                              Global Defined In Module
      -----  --------------------------------   ------------------------
     0000594D  _delay                             game
     00005970  _cards                             game
     00005978  _initGame                          game
     000059C5  _drawScreen                        game
     000059D7  _insertCard                        game
     00005B57  _drawUser                          game
     00005BD4  _checkUserMovement                 game
     00005C90  _game                              game

ASxxxx Linker V03.00 + NoICE + sdld,  page 9.

Files Linked                              [ module(s) ]

obj/sprites/walls.rel                     [ walls ]
obj/sprites/attack.rel                    [ attack ]
obj/sprites/figures.rel                   [ figures ]
obj/sprites/marker.rel                    [ marker ]
obj/game.rel                              [ game ]
obj/main.rel                              [ main ]
obj/sprites/font.rel                      [ font ]
obj/sprites/fonts-big.rel                 [ fonts_big ]
obj/sprites/numbers-big.rel               [ numbers_big ]
obj/sprites/numbers.rel                   [ numbers ]
obj/sprites/symbols.rel                   [ symbols ]
obj/utils/itoa.rel                        [ itoa ]
obj/utils/keyboard.rel                    [ keyboard ]
obj/utils/text.rel                        [ text ]
obj/utils/video.rel                       [ video ]
obj/asm/util.rel                          [  ]


Libraries Linked                          [ object file ]

/Users/david/Documents/retro/proyectos/cpctelera/cpctelera/cpctelera.lib
                                          [ cpct_setPalette_cbindings.rel ]
/Users/david/Documents/retro/proyectos/cpctelera/cpctelera/cpctelera.lib
                                          [ cpct_isKeyPressed.rel ]
/Users/david/Documents/retro/proyectos/cpctelera/cpctelera/cpctelera.lib
                                          [ cpct_scanKeyboard_f.rel ]
/Users/david/Documents/retro/proyectos/cpctelera/cpctelera/cpctelera.lib
                                          [ cpct_setPALColour_cbindings.rel ]
/Users/david/Documents/retro/proyectos/cpctelera/cpctelera/cpctelera.lib
                                          [ cpct_drawSprite_cbindings.rel ]
/Users/david/Documents/retro/proyectos/cpctelera/cpctelera/tools/sdcc-3.5.5/bin/../share/sdcc/lib/z80/z80.lib
                                          [ divunsigned.rel ]
/Users/david/Documents/retro/proyectos/cpctelera/cpctelera/cpctelera.lib
                                          [ cpct_fw2hw_cbindings.rel ]
/Users/david/Documents/retro/proyectos/cpctelera/cpctelera/cpctelera.lib
                                          [ keyboard.rel ]
/Users/david/Documents/retro/proyectos/cpctelera/cpctelera/cpctelera.lib
                                          [ cpct_setSeed_mxor.rel ]
/Users/david/Documents/retro/proyectos/cpctelera/cpctelera/cpctelera.lib
                                          [ cpct_restoreState_mxor_u8.rel ]
/Users/david/Documents/retro/proyectos/cpctelera/cpctelera/cpctelera.lib
                                          [ cpct_getRandom_mxor_u8.rel ]
/Users/david/Documents/retro/proyectos/cpctelera/cpctelera/cpctelera.lib
                                          [ cpct_nextRandom_mxor_u32.rel ]
/Users/david/Documents/retro/proyectos/cpctelera/cpctelera/cpctelera.lib
                                          [ cpct_firmware2hw_colour_table.re ]
/Users/david/Documents/retro/proyectos/cpctelera/cpctelera/cpctelera.lib
                                          [ cpct_isAnyKeyPressed.rel ]
/Users/david/Documents/retro/proyectos/cpctelera/cpctelera/cpctelera.lib
                                          [ cpct_scanKeyboard_if.rel ]
/Users/david/Documents/retro/proyectos/cpctelera/cpctelera/cpctelera.lib
                                          [ cpct_waitVSYNC.rel ]
/Users/david/Documents/retro/proyectos/cpctelera/cpctelera/cpctelera.lib
                                          [ cpct_isAnyKeyPressed_f.rel ]
/Users/david/Documents/retro/proyectos/cpctelera/cpctelera/cpctelera.lib
                                          [ cpct_setVideoMode_cbindings.rel ]
/Users/david/Documents/retro/proyectos/cpctelera/cpctelera/cpctelera.lib
                                          [ cpct_px2byteM0_cbindings.rel ]
/Users/david/Documents/retro/proyectos/cpctelera/cpctelera/cpctelera.lib
                                          [ cpct_memset_cbinding.rel ]
/Users/david/Documents/retro/proyectos/cpctelera/cpctelera/tools/sdcc-3.5.5/bin/../share/sdcc/lib/z80/z80.lib
                                          [ strlen.rel ]
/Users/david/Documents/retro/proyectos/cpctelera/cpctelera/cpctelera.lib
                                          [ cpct_removeInterruptHandler.rel ]
/Users/david/Documents/retro/proyectos/cpctelera/cpctelera/cpctelera.lib
                                          [ cpct_drawSolidBox_cbindings.rel ]
/Users/david/Documents/retro/proyectos/cpctelera/cpctelera/cpctelera.lib
                                          [ cpc_mode_rom_status.rel ]
/Users/david/Documents/retro/proyectos/cpctelera/cpctelera/cpctelera.lib
                                          [ cpct_scanKeyboard.rel ]
/Users/david/Documents/retro/proyectos/cpctelera/cpctelera/cpctelera.lib
                                          [ cpct_getScreenPtr_cbindings.rel ]
/Users/david/Documents/retro/proyectos/cpctelera/cpctelera/cpctelera.lib
                                          [ cpct_drawSpriteMaskedAlignedTabl ]
/Users/david/Documents/retro/proyectos/cpctelera/cpctelera/tools/sdcc-3.5.5/bin/../share/sdcc/lib/z80/z80.lib
                                          [ divsigned.rel ]
/Users/david/Documents/retro/proyectos/cpctelera/cpctelera/cpctelera.lib
                                          [ cpct_mxor32_seed.rel ]
/Users/david/Documents/retro/proyectos/cpctelera/cpctelera/cpctelera.lib
                                          [ cpct_dc_mode0_ct.rel ]

ASxxxx Linker V03.00 + NoICE + sdld,  page 10.

User Base Address Definitions

_CODE = 0x4000
_DATA = 0x0000

